// Jest Snapshot v1, https://goo.gl/fbAQLP

exports[`renders correctly 1`] = `
<div
  className="LayerCard-container-0-1-1 "
>
  <header
    className="LayerCard-header-0-1-4"
  >
    <h2
      className="LayerCard-title-0-1-5"
    >
      My test layer
    </h2>
  </header>
  <div
    className="LayerCard-content-0-1-6"
  >
    <p
      className="LayerCard-contentDescription-0-1-7"
    />
    <p
      className="LayerCard-source-0-1-10"
    >
      <a
        className="LayerCard-sourceLink-0-1-11"
        href="www.wikipedia.org"
      >
        Wikipedia
      </a>
      <span
        className="LayerCard-sourceDescription-0-1-12"
      />
    </p>
    <div
      style={
        Object {
          "marginBottom": "15px",
        }
      }
    >
      <withRouter(LayerTags)
        layer={
          Object {
            "category_slugs": Array [
              "water",
              "peace",
              "security",
            ],
            "id": "123",
            "name": "My test layer",
            "source_name": "Wikipedia",
            "source_url": "www.wikipedia.org",
          }
        }
      />
    </div>
  </div>
  <footer
    className="LayerCard-footer-0-1-9"
  >
    <Link
      className="LayerCard-moreLink-0-1-8"
      to="/map/learn_more/123"
    >
      <i
        className="icon__book-reader"
        style={
          Object {
            "marginRight": 5,
          }
        }
      />
      <span>
        Learn more
      </span>
    </Link>
  </footer>
</div>
`;
